---
source: ziplinter/src/main.rs
expression: result
---
{
  "comment": "",
  "contents": [
    {
      "accessed": null,
      "comment": "",
      "compressed_size": 8,
      "crc32": 2098461837,
      "created": null,
      "creator_version": {
        "host_system": "Mvs",
        "version": 20
      },
      "disk_nbr_start": 0,
      "external_attrs": 32,
      "extra": "",
      "flags": 0,
      "gid": null,
      "header_offset": 0,
      "internal_attrs": 1,
      "local_header_offset": 0,
      "method": "Store",
      "mode": 0,
      "modified": "2011-12-08T10:04:24Z",
      "name": "hello",
      "reader_version": {
        "host_system": "MsDos",
        "version": 10
      },
      "uid": null,
      "uncompressed_size": 8
    },
    {
      "accessed": null,
      "comment": "",
      "compressed_size": 6,
      "crc32": 2055117726,
      "created": null,
      "creator_version": {
        "host_system": "Mvs",
        "version": 20
      },
      "disk_nbr_start": 0,
      "external_attrs": 32,
      "extra": "",
      "flags": 0,
      "gid": null,
      "header_offset": 43,
      "internal_attrs": 1,
      "local_header_offset": 43,
      "method": "Store",
      "mode": 0,
      "modified": "2011-12-08T10:04:50Z",
      "name": "dir/bar",
      "reader_version": {
        "host_system": "MsDos",
        "version": 10
      },
      "uid": null,
      "uncompressed_size": 6
    },
    {
      "accessed": null,
      "comment": "",
      "compressed_size": 0,
      "crc32": 0,
      "created": null,
      "creator_version": {
        "host_system": "Mvs",
        "version": 20
      },
      "disk_nbr_start": 0,
      "external_attrs": 16,
      "extra": "",
      "flags": 0,
      "gid": null,
      "header_offset": 86,
      "internal_attrs": 0,
      "local_header_offset": 86,
      "method": "Store",
      "mode": 2147483648,
      "modified": "2011-12-08T10:08:06Z",
      "name": "dir/empty/",
      "reader_version": {
        "host_system": "MsDos",
        "version": 10
      },
      "uid": null,
      "uncompressed_size": 0
    },
    {
      "accessed": null,
      "comment": "",
      "compressed_size": 12,
      "crc32": 3127775578,
      "created": null,
      "creator_version": {
        "host_system": "Mvs",
        "version": 20
      },
      "disk_nbr_start": 0,
      "external_attrs": 33,
      "extra": "",
      "flags": 0,
      "gid": null,
      "header_offset": 126,
      "internal_attrs": 1,
      "local_header_offset": 126,
      "method": "Store",
      "mode": 0,
      "modified": "2011-12-08T10:06:08Z",
      "name": "readonly",
      "reader_version": {
        "host_system": "MsDos",
        "version": 10
      },
      "uid": null,
      "uncompressed_size": 12
    }
  ],
  "encoding": "Utf8",
  "eocd": {
    "dir": {
      "inner": {
        "comment": [],
        "dir_disk_nbr": 0,
        "dir_records_this_disk": 4,
        "directory_offset": 176,
        "directory_records": 4,
        "directory_size": 214,
        "disk_nbr": 0
      },
      "offset": 390
    },
    "dir64": null,
    "global_offset": 0
  },
  "size": 412
}
