---
source: ziplinter/src/main.rs
expression: result
---
{
  "comment": "",
  "contents": [
    {
      "central": {
        "comment": "",
        "compressed_size": 4,
        "crc32": 2117232040,
        "creator_version": {
          "host_system": "Unix",
          "version": 30
        },
        "disk_nbr_start": 0,
        "external_attrs": 2175008768,
        "extra": [
          85,
          84,
          5,
          0,
          3,
          222,
          85,
          89,
          79,
          117,
          120,
          11,
          0,
          1,
          4,
          245,
          1,
          0,
          0,
          4,
          20,
          0,
          0,
          0
        ],
        "flags": 0,
        "header_offset": 0,
        "internal_attrs": 1,
        "method": "Store",
        "mode": 420,
        "modified": "2012-03-09T00:59:10Z",
        "name": "foo.txt",
        "reader_version": {
          "host_system": "MsDos",
          "version": 10
        },
        "uncompressed_size": 4
      },
      "local": {
        "accessed": null,
        "compressed_size": 4,
        "crc32": 2117232040,
        "created": null,
        "extra": [
          85,
          84,
          9,
          0,
          3,
          222,
          85,
          89,
          79,
          222,
          85,
          89,
          79,
          117,
          120,
          11,
          0,
          1,
          4,
          245,
          1,
          0,
          0,
          4,
          20,
          0,
          0,
          0
        ],
        "flags": 0,
        "gid": 501,
        "header_offset": 0,
        "method": "Store",
        "method_specific": "None",
        "mode": 0,
        "modified": "2012-03-09T00:59:10Z",
        "name": "foo.txt",
        "reader_version": {
          "host_system": "MsDos",
          "version": 10
        },
        "uid": 501,
        "uncompressed_size": 4
      }
    },
    {
      "central": {
        "comment": "",
        "compressed_size": 4,
        "crc32": 77771753,
        "creator_version": {
          "host_system": "Unix",
          "version": 30
        },
        "disk_nbr_start": 0,
        "external_attrs": 2175008768,
        "extra": [
          85,
          84,
          5,
          0,
          3,
          224,
          85,
          89,
          79,
          117,
          120,
          11,
          0,
          1,
          4,
          245,
          1,
          0,
          0,
          4,
          20,
          0,
          0,
          0
        ],
        "flags": 0,
        "header_offset": 69,
        "internal_attrs": 1,
        "method": "Store",
        "mode": 420,
        "modified": "2012-03-09T00:59:12Z",
        "name": "bar.txt",
        "reader_version": {
          "host_system": "MsDos",
          "version": 10
        },
        "uncompressed_size": 4
      },
      "local": {
        "accessed": null,
        "compressed_size": 4,
        "crc32": 77771753,
        "created": null,
        "extra": [
          85,
          84,
          9,
          0,
          3,
          224,
          85,
          89,
          79,
          224,
          85,
          89,
          79,
          117,
          120,
          11,
          0,
          1,
          4,
          245,
          1,
          0,
          0,
          4,
          20,
          0,
          0,
          0
        ],
        "flags": 0,
        "gid": 501,
        "header_offset": 0,
        "method": "Store",
        "method_specific": "None",
        "mode": 0,
        "modified": "2012-03-09T00:59:12Z",
        "name": "bar.txt",
        "reader_version": {
          "host_system": "MsDos",
          "version": 10
        },
        "uid": 501,
        "uncompressed_size": 4
      }
    }
  ],
  "encoding": "Utf8",
  "eocd": {
    "dir": {
      "inner": {
        "dir_disk_nbr": 0,
        "dir_records_this_disk": 2,
        "directory_offset": 138,
        "directory_records": 2,
        "directory_size": 154,
        "disk_nbr": 0
      },
      "offset": 292
    },
    "dir64": null,
    "global_offset": 0
  },
  "parsed_ranges": [
    {
      "contains": "end of central directory record",
      "end": 314,
      "start": 292
    },
    {
      "contains": "central directory header",
      "end": 215,
      "filename": "foo.txt",
      "start": 138
    },
    {
      "contains": "central directory header",
      "end": 292,
      "filename": "bar.txt",
      "start": 215
    },
    {
      "contains": "local file header",
      "end": 65,
      "filename": "foo.txt",
      "start": 0
    },
    {
      "contains": "file data",
      "end": 69,
      "filename": "foo.txt",
      "start": 65
    },
    {
      "contains": "local file header",
      "end": 134,
      "filename": "bar.txt",
      "start": 69
    },
    {
      "contains": "file data",
      "end": 138,
      "filename": "bar.txt",
      "start": 134
    }
  ],
  "size": 314
}
