---
source: ziplinter/src/main.rs
expression: result
---
{
  "comment": "",
  "contents": [
    {
      "central": {
        "comment": "",
        "compressed_size": 0,
        "crc32": 0,
        "creator_version": {
          "host_system": "Unix",
          "version": 63
        },
        "disk_nbr_start": 0,
        "external_attrs": 1106083856,
        "extra": [
          10,
          0,
          32,
          0,
          0,
          0,
          0,
          0,
          1,
          0,
          24,
          0,
          128,
          208,
          51,
          206,
          110,
          88,
          218,
          1,
          128,
          253,
          100,
          207,
          110,
          88,
          218,
          1,
          128,
          208,
          51,
          206,
          110,
          88,
          218,
          1
        ],
        "flags": 0,
        "header_offset": 0,
        "internal_attrs": 0,
        "method": "Store",
        "mode": 2147484141,
        "modified": "2024-02-05T20:06:29Z",
        "name": "rc-zip/",
        "reader_version": {
          "host_system": "Unix",
          "version": 20
        },
        "uncompressed_size": 0
      },
      "local": {
        "accessed": null,
        "compressed_size": 0,
        "crc32": 0,
        "created": null,
        "extra": [],
        "flags": 0,
        "gid": null,
        "header_offset": 0,
        "method": "Store",
        "method_specific": "None",
        "mode": 2147483648,
        "modified": "2024-02-05T21:06:30Z",
        "name": "rc-zip/",
        "reader_version": {
          "host_system": "Unix",
          "version": 20
        },
        "uid": null,
        "uncompressed_size": 0
      }
    },
    {
      "central": {
        "comment": "",
        "compressed_size": 283,
        "crc32": 252415358,
        "creator_version": {
          "host_system": "Unix",
          "version": 63
        },
        "disk_nbr_start": 0,
        "external_attrs": 2175041568,
        "extra": [
          10,
          0,
          32,
          0,
          0,
          0,
          0,
          0,
          1,
          0,
          24,
          0,
          128,
          7,
          165,
          95,
          15,
          86,
          218,
          1,
          0,
          158,
          11,
          150,
          44,
          88,
          218,
          1,
          128,
          7,
          165,
          95,
          15,
          86,
          218,
          1
        ],
        "flags": 0,
        "header_offset": 37,
        "internal_attrs": 0,
        "method": "Deflate",
        "mode": 420,
        "modified": "2024-02-02T19:38:19Z",
        "name": "rc-zip/CHANGELOG.md",
        "reader_version": {
          "host_system": "Unix",
          "version": 20
        },
        "uncompressed_size": 480
      },
      "local": {
        "accessed": null,
        "compressed_size": 283,
        "crc32": 252415358,
        "created": null,
        "extra": [],
        "flags": 0,
        "gid": null,
        "header_offset": 0,
        "method": "Deflate",
        "method_specific": "None",
        "mode": 0,
        "modified": "2024-02-02T20:38:20Z",
        "name": "rc-zip/CHANGELOG.md",
        "reader_version": {
          "host_system": "Unix",
          "version": 20
        },
        "uid": null,
        "uncompressed_size": 480
      }
    },
    {
      "central": {
        "comment": "",
        "compressed_size": 614,
        "crc32": 2190092893,
        "creator_version": {
          "host_system": "Unix",
          "version": 63
        },
        "disk_nbr_start": 0,
        "external_attrs": 2172682272,
        "extra": [
          10,
          0,
          32,
          0,
          0,
          0,
          0,
          0,
          1,
          0,
          24,
          0,
          0,
          201,
          221,
          0,
          111,
          88,
          218,
          1,
          0,
          201,
          221,
          0,
          111,
          88,
          218,
          1,
          0,
          201,
          221,
          0,
          111,
          88,
          218,
          1
        ],
        "flags": 0,
        "header_offset": 369,
        "internal_attrs": 0,
        "method": "Deflate",
        "mode": 384,
        "modified": "2024-02-05T20:07:54Z",
        "name": "rc-zip/Cargo.toml",
        "reader_version": {
          "host_system": "Unix",
          "version": 20
        },
        "uncompressed_size": 1275
      },
      "local": {
        "accessed": null,
        "compressed_size": 614,
        "crc32": 2190092893,
        "created": null,
        "extra": [],
        "flags": 0,
        "gid": null,
        "header_offset": 0,
        "method": "Deflate",
        "method_specific": "None",
        "mode": 0,
        "modified": "2024-02-05T21:07:54Z",
        "name": "rc-zip/Cargo.toml",
        "reader_version": {
          "host_system": "Unix",
          "version": 20
        },
        "uid": null,
        "uncompressed_size": 1275
      }
    },
    {
      "central": {
        "comment": "",
        "compressed_size": 159,
        "crc32": 3375433246,
        "creator_version": {
          "host_system": "Unix",
          "version": 63
        },
        "disk_nbr_start": 0,
        "external_attrs": 2175041568,
        "extra": [
          10,
          0,
          32,
          0,
          0,
          0,
          0,
          0,
          1,
          0,
          24,
          0,
          0,
          220,
          36,
          35,
          14,
          86,
          218,
          1,
          0,
          158,
          11,
          150,
          44,
          88,
          218,
          1,
          0,
          220,
          36,
          35,
          14,
          86,
          218,
          1
        ],
        "flags": 0,
        "header_offset": 1030,
        "internal_attrs": 0,
        "method": "Deflate",
        "mode": 420,
        "modified": "2024-02-02T19:29:28Z",
        "name": "rc-zip/README.md",
        "reader_version": {
          "host_system": "Unix",
          "version": 20
        },
        "uncompressed_size": 218
      },
      "local": {
        "accessed": null,
        "compressed_size": 159,
        "crc32": 3375433246,
        "created": null,
        "extra": [],
        "flags": 0,
        "gid": null,
        "header_offset": 0,
        "method": "Deflate",
        "method_specific": "None",
        "mode": 0,
        "modified": "2024-02-02T20:29:28Z",
        "name": "rc-zip/README.md",
        "reader_version": {
          "host_system": "Unix",
          "version": 20
        },
        "uid": null,
        "uncompressed_size": 218
      }
    },
    {
      "central": {
        "comment": "",
        "compressed_size": 0,
        "crc32": 0,
        "creator_version": {
          "host_system": "Unix",
          "version": 63
        },
        "disk_nbr_start": 0,
        "external_attrs": 1106083856,
        "extra": [
          10,
          0,
          32,
          0,
          0,
          0,
          0,
          0,
          1,
          0,
          24,
          0,
          128,
          188,
          230,
          162,
          65,
          88,
          218,
          1,
          128,
          188,
          230,
          162,
          65,
          88,
          218,
          1,
          128,
          188,
          230,
          162,
          65,
          88,
          218,
          1
        ],
        "flags": 0,
        "header_offset": 1235,
        "internal_attrs": 0,
        "method": "Store",
        "mode": 2147484141,
        "modified": "2024-02-05T14:43:09Z",
        "name": "rc-zip/src/",
        "reader_version": {
          "host_system": "Unix",
          "version": 20
        },
        "uncompressed_size": 0
      },
      "local": {
        "accessed": null,
        "compressed_size": 0,
        "crc32": 0,
        "created": null,
        "extra": [],
        "flags": 0,
        "gid": null,
        "header_offset": 0,
        "method": "Store",
        "method_specific": "None",
        "mode": 2147483648,
        "modified": "2024-02-05T15:43:10Z",
        "name": "rc-zip/src/",
        "reader_version": {
          "host_system": "Unix",
          "version": 20
        },
        "uid": null,
        "uncompressed_size": 0
      }
    },
    {
      "central": {
        "comment": "",
        "compressed_size": 0,
        "crc32": 0,
        "creator_version": {
          "host_system": "Unix",
          "version": 63
        },
        "disk_nbr_start": 0,
        "external_attrs": 1106083856,
        "extra": [
          10,
          0,
          32,
          0,
          0,
          0,
          0,
          0,
          1,
          0,
          24,
          0,
          0,
          220,
          36,
          35,
          14,
          86,
          218,
          1,
          128,
          79,
          19,
          175,
          42,
          88,
          218,
          1,
          0,
          220,
          36,
          35,
          14,
          86,
          218,
          1
        ],
        "flags": 0,
        "header_offset": 1276,
        "internal_attrs": 0,
        "method": "Store",
        "mode": 2147484141,
        "modified": "2024-02-02T19:29:28Z",
        "name": "rc-zip/src/corpus/",
        "reader_version": {
          "host_system": "Unix",
          "version": 20
        },
        "uncompressed_size": 0
      },
      "local": {
        "accessed": null,
        "compressed_size": 0,
        "crc32": 0,
        "created": null,
        "extra": [],
        "flags": 0,
        "gid": null,
        "header_offset": 0,
        "method": "Store",
        "method_specific": "None",
        "mode": 2147483648,
        "modified": "2024-02-02T20:29:28Z",
        "name": "rc-zip/src/corpus/",
        "reader_version": {
          "host_system": "Unix",
          "version": 20
        },
        "uid": null,
        "uncompressed_size": 0
      }
    },
    {
      "central": {
        "comment": "",
        "compressed_size": 2604,
        "crc32": 2217684461,
        "creator_version": {
          "host_system": "Unix",
          "version": 63
        },
        "disk_nbr_start": 0,
        "external_attrs": 2175041568,
        "extra": [
          10,
          0,
          32,
          0,
          0,
          0,
          0,
          0,
          1,
          0,
          24,
          0,
          128,
          81,
          169,
          92,
          113,
          88,
          218,
          1,
          0,
          232,
          65,
          93,
          113,
          88,
          218,
          1,
          128,
          81,
          169,
          92,
          113,
          88,
          218,
          1
        ],
        "flags": 0,
        "header_offset": 1324,
        "internal_attrs": 0,
        "method": "Deflate",
        "mode": 420,
        "modified": "2024-02-05T20:24:47Z",
        "name": "rc-zip/src/corpus/mod.rs",
        "reader_version": {
          "host_system": "Unix",
          "version": 20
        },
        "uncompressed_size": 10605
      },
      "local": {
        "accessed": null,
        "compressed_size": 2604,
        "crc32": 2217684461,
        "created": null,
        "extra": [],
        "flags": 0,
        "gid": null,
        "header_offset": 0,
        "method": "Deflate",
        "method_specific": "None",
        "mode": 0,
        "modified": "2024-02-05T21:24:48Z",
        "name": "rc-zip/src/corpus/mod.rs",
        "reader_version": {
          "host_system": "Unix",
          "version": 20
        },
        "uid": null,
        "uncompressed_size": 10605
      }
    },
    {
      "central": {
        "comment": "",
        "compressed_size": 1734,
        "crc32": 1963838788,
        "creator_version": {
          "host_system": "Unix",
          "version": 63
        },
        "disk_nbr_start": 0,
        "external_attrs": 2175041568,
        "extra": [
          10,
          0,
          32,
          0,
          0,
          0,
          0,
          0,
          1,
          0,
          24,
          0,
          0,
          129,
          92,
          241,
          106,
          88,
          218,
          1,
          0,
          129,
          92,
          241,
          106,
          88,
          218,
          1,
          0,
          129,
          92,
          241,
          106,
          88,
          218,
          1
        ],
        "flags": 0,
        "header_offset": 3982,
        "internal_attrs": 0,
        "method": "Deflate",
        "mode": 420,
        "modified": "2024-02-05T19:38:50Z",
        "name": "rc-zip/src/encoding.rs",
        "reader_version": {
          "host_system": "Unix",
          "version": 20
        },
        "uncompressed_size": 4348
      },
      "local": {
        "accessed": null,
        "compressed_size": 1734,
        "crc32": 1963838788,
        "created": null,
        "extra": [],
        "flags": 0,
        "gid": null,
        "header_offset": 0,
        "method": "Deflate",
        "method_specific": "None",
        "mode": 0,
        "modified": "2024-02-05T20:38:50Z",
        "name": "rc-zip/src/encoding.rs",
        "reader_version": {
          "host_system": "Unix",
          "version": 20
        },
        "uid": null,
        "uncompressed_size": 4348
      }
    },
    {
      "central": {
        "comment": "",
        "compressed_size": 1817,
        "crc32": 1949269575,
        "creator_version": {
          "host_system": "Unix",
          "version": 63
        },
        "disk_nbr_start": 0,
        "external_attrs": 2175041568,
        "extra": [
          10,
          0,
          32,
          0,
          0,
          0,
          0,
          0,
          1,
          0,
          24,
          0,
          0,
          23,
          201,
          192,
          107,
          88,
          218,
          1,
          0,
          23,
          201,
          192,
          107,
          88,
          218,
          1,
          0,
          23,
          201,
          192,
          107,
          88,
          218,
          1
        ],
        "flags": 0,
        "header_offset": 5768,
        "internal_attrs": 0,
        "method": "Deflate",
        "mode": 420,
        "modified": "2024-02-05T19:44:38Z",
        "name": "rc-zip/src/error.rs",
        "reader_version": {
          "host_system": "Unix",
          "version": 20
        },
        "uncompressed_size": 6164
      },
      "local": {
        "accessed": null,
        "compressed_size": 1817,
        "crc32": 1949269575,
        "created": null,
        "extra": [],
        "flags": 0,
        "gid": null,
        "header_offset": 0,
        "method": "Deflate",
        "method_specific": "None",
        "mode": 0,
        "modified": "2024-02-05T20:44:38Z",
        "name": "rc-zip/src/error.rs",
        "reader_version": {
          "host_system": "Unix",
          "version": 20
        },
        "uid": null,
        "uncompressed_size": 6164
      }
    },
    {
      "central": {
        "comment": "",
        "compressed_size": 0,
        "crc32": 0,
        "creator_version": {
          "host_system": "Unix",
          "version": 63
        },
        "disk_nbr_start": 0,
        "external_attrs": 1106083856,
        "extra": [
          10,
          0,
          32,
          0,
          0,
          0,
          0,
          0,
          1,
          0,
          24,
          0,
          0,
          220,
          36,
          35,
          14,
          86,
          218,
          1,
          128,
          79,
          19,
          175,
          42,
          88,
          218,
          1,
          0,
          220,
          36,
          35,
          14,
          86,
          218,
          1
        ],
        "flags": 0,
        "header_offset": 7634,
        "internal_attrs": 0,
        "method": "Store",
        "mode": 2147484141,
        "modified": "2024-02-02T19:29:28Z",
        "name": "rc-zip/src/fsm/",
        "reader_version": {
          "host_system": "Unix",
          "version": 20
        },
        "uncompressed_size": 0
      },
      "local": {
        "accessed": null,
        "compressed_size": 0,
        "crc32": 0,
        "created": null,
        "extra": [],
        "flags": 0,
        "gid": null,
        "header_offset": 0,
        "method": "Store",
        "method_specific": "None",
        "mode": 2147483648,
        "modified": "2024-02-02T20:29:28Z",
        "name": "rc-zip/src/fsm/",
        "reader_version": {
          "host_system": "Unix",
          "version": 20
        },
        "uid": null,
        "uncompressed_size": 0
      }
    },
    {
      "central": {
        "comment": "",
        "compressed_size": 4540,
        "crc32": 831605898,
        "creator_version": {
          "host_system": "Unix",
          "version": 63
        },
        "disk_nbr_start": 0,
        "external_attrs": 2175041568,
        "extra": [
          10,
          0,
          32,
          0,
          0,
          0,
          0,
          0,
          1,
          0,
          24,
          0,
          0,
          18,
          48,
          223,
          109,
          88,
          218,
          1,
          0,
          18,
          48,
          223,
          109,
          88,
          218,
          1,
          0,
          18,
          48,
          223,
          109,
          88,
          218,
          1
        ],
        "flags": 0,
        "header_offset": 7679,
        "internal_attrs": 0,
        "method": "Deflate",
        "mode": 420,
        "modified": "2024-02-05T19:59:48Z",
        "name": "rc-zip/src/fsm/archive.rs",
        "reader_version": {
          "host_system": "Unix",
          "version": 20
        },
        "uncompressed_size": 20716
      },
      "local": {
        "accessed": null,
        "compressed_size": 4540,
        "crc32": 831605898,
        "created": null,
        "extra": [],
        "flags": 0,
        "gid": null,
        "header_offset": 0,
        "method": "Deflate",
        "method_specific": "None",
        "mode": 0,
        "modified": "2024-02-05T20:59:48Z",
        "name": "rc-zip/src/fsm/archive.rs",
        "reader_version": {
          "host_system": "Unix",
          "version": 20
        },
        "uid": null,
        "uncompressed_size": 20716
      }
    },
    {
      "central": {
        "comment": "",
        "compressed_size": 0,
        "crc32": 0,
        "creator_version": {
          "host_system": "Unix",
          "version": 63
        },
        "disk_nbr_start": 0,
        "external_attrs": 1106083856,
        "extra": [
          10,
          0,
          32,
          0,
          0,
          0,
          0,
          0,
          1,
          0,
          24,
          0,
          0,
          220,
          36,
          35,
          14,
          86,
          218,
          1,
          128,
          79,
          19,
          175,
          42,
          88,
          218,
          1,
          0,
          220,
          36,
          35,
          14,
          86,
          218,
          1
        ],
        "flags": 0,
        "header_offset": 12274,
        "internal_attrs": 0,
        "method": "Store",
        "mode": 2147484141,
        "modified": "2024-02-02T19:29:28Z",
        "name": "rc-zip/src/fsm/entry/",
        "reader_version": {
          "host_system": "Unix",
          "version": 20
        },
        "uncompressed_size": 0
      },
      "local": {
        "accessed": null,
        "compressed_size": 0,
        "crc32": 0,
        "created": null,
        "extra": [],
        "flags": 0,
        "gid": null,
        "header_offset": 0,
        "method": "Store",
        "method_specific": "None",
        "mode": 2147483648,
        "modified": "2024-02-02T20:29:28Z",
        "name": "rc-zip/src/fsm/entry/",
        "reader_version": {
          "host_system": "Unix",
          "version": 20
        },
        "uid": null,
        "uncompressed_size": 0
      }
    },
    {
      "central": {
        "comment": "",
        "compressed_size": 617,
        "crc32": 4203712250,
        "creator_version": {
          "host_system": "Unix",
          "version": 63
        },
        "disk_nbr_start": 0,
        "external_attrs": 2175041568,
        "extra": [
          10,
          0,
          32,
          0,
          0,
          0,
          0,
          0,
          1,
          0,
          24,
          0,
          0,
          220,
          36,
          35,
          14,
          86,
          218,
          1,
          0,
          19,
          221,
          176,
          42,
          88,
          218,
          1,
          0,
          220,
          36,
          35,
          14,
          86,
          218,
          1
        ],
        "flags": 0,
        "header_offset": 12325,
        "internal_attrs": 0,
        "method": "Deflate",
        "mode": 420,
        "modified": "2024-02-02T19:29:28Z",
        "name": "rc-zip/src/fsm/entry/bzip2_dec.rs",
        "reader_version": {
          "host_system": "Unix",
          "version": 20
        },
        "uncompressed_size": 1822
      },
      "local": {
        "accessed": null,
        "compressed_size": 617,
        "crc32": 4203712250,
        "created": null,
        "extra": [],
        "flags": 0,
        "gid": null,
        "header_offset": 0,
        "method": "Deflate",
        "method_specific": "None",
        "mode": 0,
        "modified": "2024-02-02T20:29:28Z",
        "name": "rc-zip/src/fsm/entry/bzip2_dec.rs",
        "reader_version": {
          "host_system": "Unix",
          "version": 20
        },
        "uid": null,
        "uncompressed_size": 1822
      }
    },
    {
      "central": {
        "comment": "",
        "compressed_size": 461,
        "crc32": 3397387914,
        "creator_version": {
          "host_system": "Unix",
          "version": 63
        },
        "disk_nbr_start": 0,
        "external_attrs": 2175041568,
        "extra": [
          10,
          0,
          32,
          0,
          0,
          0,
          0,
          0,
          1,
          0,
          24,
          0,
          0,
          220,
          36,
          35,
          14,
          86,
          218,
          1,
          0,
          19,
          221,
          176,
          42,
          88,
          218,
          1,
          0,
          220,
          36,
          35,
          14,
          86,
          218,
          1
        ],
        "flags": 0,
        "header_offset": 13005,
        "internal_attrs": 0,
        "method": "Deflate",
        "mode": 420,
        "modified": "2024-02-02T19:29:28Z",
        "name": "rc-zip/src/fsm/entry/deflate64_dec.rs",
        "reader_version": {
          "host_system": "Unix",
          "version": 20
        },
        "uncompressed_size": 1168
      },
      "local": {
        "accessed": null,
        "compressed_size": 461,
        "crc32": 3397387914,
        "created": null,
        "extra": [],
        "flags": 0,
        "gid": null,
        "header_offset": 0,
        "method": "Deflate",
        "method_specific": "None",
        "mode": 0,
        "modified": "2024-02-02T20:29:28Z",
        "name": "rc-zip/src/fsm/entry/deflate64_dec.rs",
        "reader_version": {
          "host_system": "Unix",
          "version": 20
        },
        "uid": null,
        "uncompressed_size": 1168
      }
    },
    {
      "central": {
        "comment": "",
        "compressed_size": 1784,
        "crc32": 1246044386,
        "creator_version": {
          "host_system": "Unix",
          "version": 63
        },
        "disk_nbr_start": 0,
        "external_attrs": 2175041568,
        "extra": [
          10,
          0,
          32,
          0,
          0,
          0,
          0,
          0,
          1,
          0,
          24,
          0,
          0,
          220,
          36,
          35,
          14,
          86,
          218,
          1,
          0,
          19,
          221,
          176,
          42,
          88,
          218,
          1,
          0,
          220,
          36,
          35,
          14,
          86,
          218,
          1
        ],
        "flags": 0,
        "header_offset": 13533,
        "internal_attrs": 0,
        "method": "Deflate",
        "mode": 420,
        "modified": "2024-02-02T19:29:28Z",
        "name": "rc-zip/src/fsm/entry/deflate_dec.rs",
        "reader_version": {
          "host_system": "Unix",
          "version": 20
        },
        "uncompressed_size": 5511
      },
      "local": {
        "accessed": null,
        "compressed_size": 1784,
        "crc32": 1246044386,
        "created": null,
        "extra": [],
        "flags": 0,
        "gid": null,
        "header_offset": 0,
        "method": "Deflate",
        "method_specific": "None",
        "mode": 0,
        "modified": "2024-02-02T20:29:28Z",
        "name": "rc-zip/src/fsm/entry/deflate_dec.rs",
        "reader_version": {
          "host_system": "Unix",
          "version": 20
        },
        "uid": null,
        "uncompressed_size": 5511
      }
    },
    {
      "central": {
        "comment": "",
        "compressed_size": 1518,
        "crc32": 1231736515,
        "creator_version": {
          "host_system": "Unix",
          "version": 63
        },
        "disk_nbr_start": 0,
        "external_attrs": 2175041568,
        "extra": [
          10,
          0,
          32,
          0,
          0,
          0,
          0,
          0,
          1,
          0,
          24,
          0,
          128,
          143,
          23,
          89,
          17,
          86,
          218,
          1,
          0,
          19,
          221,
          176,
          42,
          88,
          218,
          1,
          128,
          143,
          23,
          89,
          17,
          86,
          218,
          1
        ],
        "flags": 0,
        "header_offset": 15382,
        "internal_attrs": 0,
        "method": "Deflate",
        "mode": 420,
        "modified": "2024-02-02T19:52:27Z",
        "name": "rc-zip/src/fsm/entry/lzma_dec.rs",
        "reader_version": {
          "host_system": "Unix",
          "version": 20
        },
        "uncompressed_size": 4816
      },
      "local": {
        "accessed": null,
        "compressed_size": 1518,
        "crc32": 1231736515,
        "created": null,
        "extra": [],
        "flags": 0,
        "gid": null,
        "header_offset": 0,
        "method": "Deflate",
        "method_specific": "None",
        "mode": 0,
        "modified": "2024-02-02T20:52:28Z",
        "name": "rc-zip/src/fsm/entry/lzma_dec.rs",
        "reader_version": {
          "host_system": "Unix",
          "version": 20
        },
        "uid": null,
        "uncompressed_size": 4816
      }
    },
    {
      "central": {
        "comment": "",
        "compressed_size": 3646,
        "crc32": 1147715326,
        "creator_version": {
          "host_system": "Unix",
          "version": 63
        },
        "disk_nbr_start": 0,
        "external_attrs": 2175041568,
        "extra": [
          10,
          0,
          32,
          0,
          0,
          0,
          0,
          0,
          1,
          0,
          24,
          0,
          128,
          6,
          167,
          185,
          117,
          88,
          218,
          1,
          128,
          6,
          167,
          185,
          117,
          88,
          218,
          1,
          128,
          6,
          167,
          185,
          117,
          88,
          218,
          1
        ],
        "flags": 0,
        "header_offset": 16962,
        "internal_attrs": 0,
        "method": "Deflate",
        "mode": 420,
        "modified": "2024-02-05T20:56:01Z",
        "name": "rc-zip/src/fsm/entry/mod.rs",
        "reader_version": {
          "host_system": "Unix",
          "version": 20
        },
        "uncompressed_size": 16451
      },
      "local": {
        "accessed": null,
        "compressed_size": 3646,
        "crc32": 1147715326,
        "created": null,
        "extra": [],
        "flags": 0,
        "gid": null,
        "header_offset": 0,
        "method": "Deflate",
        "method_specific": "None",
        "mode": 0,
        "modified": "2024-02-05T21:56:02Z",
        "name": "rc-zip/src/fsm/entry/mod.rs",
        "reader_version": {
          "host_system": "Unix",
          "version": 20
        },
        "uid": null,
        "uncompressed_size": 16451
      }
    },
    {
      "central": {
        "comment": "",
        "compressed_size": 291,
        "crc32": 1314334381,
        "creator_version": {
          "host_system": "Unix",
          "version": 63
        },
        "disk_nbr_start": 0,
        "external_attrs": 2175041568,
        "extra": [
          10,
          0,
          32,
          0,
          0,
          0,
          0,
          0,
          1,
          0,
          24,
          0,
          0,
          220,
          36,
          35,
          14,
          86,
          218,
          1,
          0,
          19,
          221,
          176,
          42,
          88,
          218,
          1,
          0,
          220,
          36,
          35,
          14,
          86,
          218,
          1
        ],
        "flags": 0,
        "header_offset": 20665,
        "internal_attrs": 0,
        "method": "Deflate",
        "mode": 420,
        "modified": "2024-02-02T19:29:28Z",
        "name": "rc-zip/src/fsm/entry/store_dec.rs",
        "reader_version": {
          "host_system": "Unix",
          "version": 20
        },
        "uncompressed_size": 579
      },
      "local": {
        "accessed": null,
        "compressed_size": 291,
        "crc32": 1314334381,
        "created": null,
        "extra": [],
        "flags": 0,
        "gid": null,
        "header_offset": 0,
        "method": "Deflate",
        "method_specific": "None",
        "mode": 0,
        "modified": "2024-02-02T20:29:28Z",
        "name": "rc-zip/src/fsm/entry/store_dec.rs",
        "reader_version": {
          "host_system": "Unix",
          "version": 20
        },
        "uid": null,
        "uncompressed_size": 579
      }
    },
    {
      "central": {
        "comment": "",
        "compressed_size": 1415,
        "crc32": 4046225976,
        "creator_version": {
          "host_system": "Unix",
          "version": 63
        },
        "disk_nbr_start": 0,
        "external_attrs": 2175041568,
        "extra": [
          10,
          0,
          32,
          0,
          0,
          0,
          0,
          0,
          1,
          0,
          24,
          0,
          0,
          220,
          36,
          35,
          14,
          86,
          218,
          1,
          0,
          19,
          221,
          176,
          42,
          88,
          218,
          1,
          0,
          220,
          36,
          35,
          14,
          86,
          218,
          1
        ],
        "flags": 0,
        "header_offset": 21019,
        "internal_attrs": 0,
        "method": "Deflate",
        "mode": 420,
        "modified": "2024-02-02T19:29:28Z",
        "name": "rc-zip/src/fsm/entry/zstd_dec.rs",
        "reader_version": {
          "host_system": "Unix",
          "version": 20
        },
        "uncompressed_size": 4558
      },
      "local": {
        "accessed": null,
        "compressed_size": 1415,
        "crc32": 4046225976,
        "created": null,
        "extra": [],
        "flags": 0,
        "gid": null,
        "header_offset": 0,
        "method": "Deflate",
        "method_specific": "None",
        "mode": 0,
        "modified": "2024-02-02T20:29:28Z",
        "name": "rc-zip/src/fsm/entry/zstd_dec.rs",
        "reader_version": {
          "host_system": "Unix",
          "version": 20
        },
        "uid": null,
        "uncompressed_size": 4558
      }
    },
    {
      "central": {
        "comment": "",
        "compressed_size": 584,
        "crc32": 260496841,
        "creator_version": {
          "host_system": "Unix",
          "version": 63
        },
        "disk_nbr_start": 0,
        "external_attrs": 2175041568,
        "extra": [
          10,
          0,
          32,
          0,
          0,
          0,
          0,
          0,
          1,
          0,
          24,
          0,
          0,
          220,
          36,
          35,
          14,
          86,
          218,
          1,
          0,
          19,
          221,
          176,
          42,
          88,
          218,
          1,
          0,
          220,
          36,
          35,
          14,
          86,
          218,
          1
        ],
        "flags": 0,
        "header_offset": 22496,
        "internal_attrs": 0,
        "method": "Deflate",
        "mode": 420,
        "modified": "2024-02-02T19:29:28Z",
        "name": "rc-zip/src/fsm/mod.rs",
        "reader_version": {
          "host_system": "Unix",
          "version": 20
        },
        "uncompressed_size": 1122
      },
      "local": {
        "accessed": null,
        "compressed_size": 584,
        "crc32": 260496841,
        "created": null,
        "extra": [],
        "flags": 0,
        "gid": null,
        "header_offset": 0,
        "method": "Deflate",
        "method_specific": "None",
        "mode": 0,
        "modified": "2024-02-02T20:29:28Z",
        "name": "rc-zip/src/fsm/mod.rs",
        "reader_version": {
          "host_system": "Unix",
          "version": 20
        },
        "uid": null,
        "uncompressed_size": 1122
      }
    },
    {
      "central": {
        "comment": "",
        "compressed_size": 420,
        "crc32": 521474047,
        "creator_version": {
          "host_system": "Unix",
          "version": 63
        },
        "disk_nbr_start": 0,
        "external_attrs": 2175041568,
        "extra": [
          10,
          0,
          32,
          0,
          0,
          0,
          0,
          0,
          1,
          0,
          24,
          0,
          128,
          43,
          154,
          72,
          66,
          88,
          218,
          1,
          128,
          43,
          154,
          72,
          66,
          88,
          218,
          1,
          128,
          43,
          154,
          72,
          66,
          88,
          218,
          1
        ],
        "flags": 0,
        "header_offset": 23131,
        "internal_attrs": 0,
        "method": "Deflate",
        "mode": 420,
        "modified": "2024-02-05T14:47:47Z",
        "name": "rc-zip/src/lib.rs",
        "reader_version": {
          "host_system": "Unix",
          "version": 20
        },
        "uncompressed_size": 807
      },
      "local": {
        "accessed": null,
        "compressed_size": 420,
        "crc32": 521474047,
        "created": null,
        "extra": [],
        "flags": 0,
        "gid": null,
        "header_offset": 0,
        "method": "Deflate",
        "method_specific": "None",
        "mode": 0,
        "modified": "2024-02-05T15:47:48Z",
        "name": "rc-zip/src/lib.rs",
        "reader_version": {
          "host_system": "Unix",
          "version": 20
        },
        "uid": null,
        "uncompressed_size": 807
      }
    },
    {
      "central": {
        "comment": "",
        "compressed_size": 0,
        "crc32": 0,
        "creator_version": {
          "host_system": "Unix",
          "version": 63
        },
        "disk_nbr_start": 0,
        "external_attrs": 1106083856,
        "extra": [
          10,
          0,
          32,
          0,
          0,
          0,
          0,
          0,
          1,
          0,
          24,
          0,
          0,
          8,
          136,
          107,
          97,
          88,
          218,
          1,
          0,
          8,
          136,
          107,
          97,
          88,
          218,
          1,
          0,
          8,
          136,
          107,
          97,
          88,
          218,
          1
        ],
        "flags": 0,
        "header_offset": 23598,
        "internal_attrs": 0,
        "method": "Store",
        "mode": 2147484141,
        "modified": "2024-02-05T18:30:40Z",
        "name": "rc-zip/src/parse/",
        "reader_version": {
          "host_system": "Unix",
          "version": 20
        },
        "uncompressed_size": 0
      },
      "local": {
        "accessed": null,
        "compressed_size": 0,
        "crc32": 0,
        "created": null,
        "extra": [],
        "flags": 0,
        "gid": null,
        "header_offset": 0,
        "method": "Store",
        "method_specific": "None",
        "mode": 2147483648,
        "modified": "2024-02-05T19:30:40Z",
        "name": "rc-zip/src/parse/",
        "reader_version": {
          "host_system": "Unix",
          "version": 20
        },
        "uid": null,
        "uncompressed_size": 0
      }
    },
    {
      "central": {
        "comment": "",
        "compressed_size": 3632,
        "crc32": 3361698888,
        "creator_version": {
          "host_system": "Unix",
          "version": 63
        },
        "disk_nbr_start": 0,
        "external_attrs": 2175041568,
        "extra": [
          10,
          0,
          32,
          0,
          0,
          0,
          0,
          0,
          1,
          0,
          24,
          0,
          0,
          200,
          178,
          207,
          113,
          88,
          218,
          1,
          0,
          200,
          178,
          207,
          113,
          88,
          218,
          1,
          0,
          200,
          178,
          207,
          113,
          88,
          218,
          1
        ],
        "flags": 0,
        "header_offset": 23645,
        "internal_attrs": 0,
        "method": "Deflate",
        "mode": 420,
        "modified": "2024-02-05T20:28:00Z",
        "name": "rc-zip/src/parse/archive.rs",
        "reader_version": {
          "host_system": "Unix",
          "version": 20
        },
        "uncompressed_size": 10124
      },
      "local": {
        "accessed": null,
        "compressed_size": 3632,
        "crc32": 3361698888,
        "created": null,
        "extra": [],
        "flags": 0,
        "gid": null,
        "header_offset": 0,
        "method": "Deflate",
        "method_specific": "None",
        "mode": 0,
        "modified": "2024-02-05T21:28:00Z",
        "name": "rc-zip/src/parse/archive.rs",
        "reader_version": {
          "host_system": "Unix",
          "version": 20
        },
        "uid": null,
        "uncompressed_size": 10124
      }
    },
    {
      "central": {
        "comment": "",
        "compressed_size": 1898,
        "crc32": 3666163362,
        "creator_version": {
          "host_system": "Unix",
          "version": 63
        },
        "disk_nbr_start": 0,
        "external_attrs": 2175041568,
        "extra": [
          10,
          0,
          32,
          0,
          0,
          0,
          0,
          0,
          1,
          0,
          24,
          0,
          128,
          153,
          225,
          236,
          101,
          88,
          218,
          1,
          128,
          153,
          225,
          236,
          101,
          88,
          218,
          1,
          128,
          153,
          225,
          236,
          101,
          88,
          218,
          1
        ],
        "flags": 0,
        "header_offset": 27334,
        "internal_attrs": 0,
        "method": "Deflate",
        "mode": 420,
        "modified": "2024-02-05T19:02:55Z",
        "name": "rc-zip/src/parse/central_directory_file_header.rs",
        "reader_version": {
          "host_system": "Unix",
          "version": 20
        },
        "uncompressed_size": 6119
      },
      "local": {
        "accessed": null,
        "compressed_size": 1898,
        "crc32": 3666163362,
        "created": null,
        "extra": [],
        "flags": 0,
        "gid": null,
        "header_offset": 0,
        "method": "Deflate",
        "method_specific": "None",
        "mode": 0,
        "modified": "2024-02-05T20:02:56Z",
        "name": "rc-zip/src/parse/central_directory_file_header.rs",
        "reader_version": {
          "host_system": "Unix",
          "version": 20
        },
        "uid": null,
        "uncompressed_size": 6119
      }
    },
    {
      "central": {
        "comment": "",
        "compressed_size": 1233,
        "crc32": 3526646547,
        "creator_version": {
          "host_system": "Unix",
          "version": 63
        },
        "disk_nbr_start": 0,
        "external_attrs": 2175041568,
        "extra": [
          10,
          0,
          32,
          0,
          0,
          0,
          0,
          0,
          1,
          0,
          24,
          0,
          0,
          209,
          202,
          68,
          99,
          88,
          218,
          1,
          0,
          209,
          202,
          68,
          99,
          88,
          218,
          1,
          0,
          209,
          202,
          68,
          99,
          88,
          218,
          1
        ],
        "flags": 0,
        "header_offset": 29311,
        "internal_attrs": 0,
        "method": "Deflate",
        "mode": 420,
        "modified": "2024-02-05T18:43:54Z",
        "name": "rc-zip/src/parse/date_time.rs",
        "reader_version": {
          "host_system": "Unix",
          "version": 20
        },
        "uncompressed_size": 3638
      },
      "local": {
        "accessed": null,
        "compressed_size": 1233,
        "crc32": 3526646547,
        "created": null,
        "extra": [],
        "flags": 0,
        "gid": null,
        "header_offset": 0,
        "method": "Deflate",
        "method_specific": "None",
        "mode": 0,
        "modified": "2024-02-05T19:43:54Z",
        "name": "rc-zip/src/parse/date_time.rs",
        "reader_version": {
          "host_system": "Unix",
          "version": 20
        },
        "uid": null,
        "uncompressed_size": 3638
      }
    },
    {
      "central": {
        "comment": "",
        "compressed_size": 2343,
        "crc32": 2080310846,
        "creator_version": {
          "host_system": "Unix",
          "version": 63
        },
        "disk_nbr_start": 0,
        "external_attrs": 2175041568,
        "extra": [
          10,
          0,
          32,
          0,
          0,
          0,
          0,
          0,
          1,
          0,
          24,
          0,
          0,
          68,
          25,
          204,
          101,
          88,
          218,
          1,
          0,
          68,
          25,
          204,
          101,
          88,
          218,
          1,
          0,
          68,
          25,
          204,
          101,
          88,
          218,
          1
        ],
        "flags": 0,
        "header_offset": 30603,
        "internal_attrs": 0,
        "method": "Deflate",
        "mode": 420,
        "modified": "2024-02-05T19:02:00Z",
        "name": "rc-zip/src/parse/eocd.rs",
        "reader_version": {
          "host_system": "Unix",
          "version": 20
        },
        "uncompressed_size": 10576
      },
      "local": {
        "accessed": null,
        "compressed_size": 2343,
        "crc32": 2080310846,
        "created": null,
        "extra": [],
        "flags": 0,
        "gid": null,
        "header_offset": 0,
        "method": "Deflate",
        "method_specific": "None",
        "mode": 0,
        "modified": "2024-02-05T20:02:00Z",
        "name": "rc-zip/src/parse/eocd.rs",
        "reader_version": {
          "host_system": "Unix",
          "version": 20
        },
        "uid": null,
        "uncompressed_size": 10576
      }
    },
    {
      "central": {
        "comment": "",
        "compressed_size": 2929,
        "crc32": 2140479783,
        "creator_version": {
          "host_system": "Unix",
          "version": 63
        },
        "disk_nbr_start": 0,
        "external_attrs": 2175041568,
        "extra": [
          10,
          0,
          32,
          0,
          0,
          0,
          0,
          0,
          1,
          0,
          24,
          0,
          128,
          189,
          101,
          190,
          105,
          88,
          218,
          1,
          128,
          189,
          101,
          190,
          105,
          88,
          218,
          1,
          128,
          189,
          101,
          190,
          105,
          88,
          218,
          1
        ],
        "flags": 0,
        "header_offset": 33000,
        "internal_attrs": 0,
        "method": "Deflate",
        "mode": 420,
        "modified": "2024-02-05T19:30:15Z",
        "name": "rc-zip/src/parse/extra_field.rs",
        "reader_version": {
          "host_system": "Unix",
          "version": 20
        },
        "uncompressed_size": 10938
      },
      "local": {
        "accessed": null,
        "compressed_size": 2929,
        "crc32": 2140479783,
        "created": null,
        "extra": [],
        "flags": 0,
        "gid": null,
        "header_offset": 0,
        "method": "Deflate",
        "method_specific": "None",
        "mode": 0,
        "modified": "2024-02-05T20:30:16Z",
        "name": "rc-zip/src/parse/extra_field.rs",
        "reader_version": {
          "host_system": "Unix",
          "version": 20
        },
        "uid": null,
        "uncompressed_size": 10938
      }
    },
    {
      "central": {
        "comment": "",
        "compressed_size": 2517,
        "crc32": 955813824,
        "creator_version": {
          "host_system": "Unix",
          "version": 63
        },
        "disk_nbr_start": 0,
        "external_attrs": 2175041568,
        "extra": [
          10,
          0,
          32,
          0,
          0,
          0,
          0,
          0,
          1,
          0,
          24,
          0,
          128,
          99,
          48,
          237,
          106,
          88,
          218,
          1,
          128,
          99,
          48,
          237,
          106,
          88,
          218,
          1,
          128,
          99,
          48,
          237,
          106,
          88,
          218,
          1
        ],
        "flags": 0,
        "header_offset": 35990,
        "internal_attrs": 0,
        "method": "Deflate",
        "mode": 420,
        "modified": "2024-02-05T19:38:43Z",
        "name": "rc-zip/src/parse/local_headers.rs",
        "reader_version": {
          "host_system": "Unix",
          "version": 20
        },
        "uncompressed_size": 8400
      },
      "local": {
        "accessed": null,
        "compressed_size": 2517,
        "crc32": 955813824,
        "created": null,
        "extra": [],
        "flags": 0,
        "gid": null,
        "header_offset": 0,
        "method": "Deflate",
        "method_specific": "None",
        "mode": 0,
        "modified": "2024-02-05T20:38:44Z",
        "name": "rc-zip/src/parse/local_headers.rs",
        "reader_version": {
          "host_system": "Unix",
          "version": 20
        },
        "uid": null,
        "uncompressed_size": 8400
      }
    },
    {
      "central": {
        "comment": "",
        "compressed_size": 310,
        "crc32": 3919294347,
        "creator_version": {
          "host_system": "Unix",
          "version": 63
        },
        "disk_nbr_start": 0,
        "external_attrs": 2175041568,
        "extra": [
          10,
          0,
          32,
          0,
          0,
          0,
          0,
          0,
          1,
          0,
          24,
          0,
          128,
          248,
          130,
          110,
          97,
          88,
          218,
          1,
          128,
          248,
          130,
          110,
          97,
          88,
          218,
          1,
          128,
          248,
          130,
          110,
          97,
          88,
          218,
          1
        ],
        "flags": 0,
        "header_offset": 38570,
        "internal_attrs": 0,
        "method": "Deflate",
        "mode": 420,
        "modified": "2024-02-05T18:30:45Z",
        "name": "rc-zip/src/parse/mod.rs",
        "reader_version": {
          "host_system": "Unix",
          "version": 20
        },
        "uncompressed_size": 690
      },
      "local": {
        "accessed": null,
        "compressed_size": 310,
        "crc32": 3919294347,
        "created": null,
        "extra": [],
        "flags": 0,
        "gid": null,
        "header_offset": 0,
        "method": "Deflate",
        "method_specific": "None",
        "mode": 0,
        "modified": "2024-02-05T19:30:46Z",
        "name": "rc-zip/src/parse/mod.rs",
        "reader_version": {
          "host_system": "Unix",
          "version": 20
        },
        "uid": null,
        "uncompressed_size": 690
      }
    },
    {
      "central": {
        "comment": "",
        "compressed_size": 1619,
        "crc32": 1279708079,
        "creator_version": {
          "host_system": "Unix",
          "version": 63
        },
        "disk_nbr_start": 0,
        "external_attrs": 2175041568,
        "extra": [
          10,
          0,
          32,
          0,
          0,
          0,
          0,
          0,
          1,
          0,
          24,
          0,
          0,
          220,
          36,
          35,
          14,
          86,
          218,
          1,
          0,
          19,
          221,
          176,
          42,
          88,
          218,
          1,
          0,
          220,
          36,
          35,
          14,
          86,
          218,
          1
        ],
        "flags": 0,
        "header_offset": 38933,
        "internal_attrs": 0,
        "method": "Deflate",
        "mode": 420,
        "modified": "2024-02-02T19:29:28Z",
        "name": "rc-zip/src/parse/mode.rs",
        "reader_version": {
          "host_system": "Unix",
          "version": 20
        },
        "uncompressed_size": 6694
      },
      "local": {
        "accessed": null,
        "compressed_size": 1619,
        "crc32": 1279708079,
        "created": null,
        "extra": [],
        "flags": 0,
        "gid": null,
        "header_offset": 0,
        "method": "Deflate",
        "method_specific": "None",
        "mode": 0,
        "modified": "2024-02-02T20:29:28Z",
        "name": "rc-zip/src/parse/mode.rs",
        "reader_version": {
          "host_system": "Unix",
          "version": 20
        },
        "uid": null,
        "uncompressed_size": 6694
      }
    },
    {
      "central": {
        "comment": "",
        "compressed_size": 1080,
        "crc32": 4190079780,
        "creator_version": {
          "host_system": "Unix",
          "version": 63
        },
        "disk_nbr_start": 0,
        "external_attrs": 2175041568,
        "extra": [
          10,
          0,
          32,
          0,
          0,
          0,
          0,
          0,
          1,
          0,
          24,
          0,
          0,
          238,
          171,
          13,
          106,
          88,
          218,
          1,
          0,
          238,
          171,
          13,
          106,
          88,
          218,
          1,
          0,
          238,
          171,
          13,
          106,
          88,
          218,
          1
        ],
        "flags": 0,
        "header_offset": 40606,
        "internal_attrs": 0,
        "method": "Deflate",
        "mode": 420,
        "modified": "2024-02-05T19:32:28Z",
        "name": "rc-zip/src/parse/version.rs",
        "reader_version": {
          "host_system": "Unix",
          "version": 20
        },
        "uncompressed_size": 2341
      },
      "local": {
        "accessed": null,
        "compressed_size": 1080,
        "crc32": 4190079780,
        "created": null,
        "extra": [],
        "flags": 0,
        "gid": null,
        "header_offset": 0,
        "method": "Deflate",
        "method_specific": "None",
        "mode": 0,
        "modified": "2024-02-05T20:32:28Z",
        "name": "rc-zip/src/parse/version.rs",
        "reader_version": {
          "host_system": "Unix",
          "version": 20
        },
        "uid": null,
        "uncompressed_size": 2341
      }
    },
    {
      "central": {
        "comment": "",
        "compressed_size": 0,
        "crc32": 0,
        "creator_version": {
          "host_system": "Unix",
          "version": 63
        },
        "disk_nbr_start": 0,
        "external_attrs": 1106083856,
        "extra": [
          10,
          0,
          32,
          0,
          0,
          0,
          0,
          0,
          1,
          0,
          24,
          0,
          0,
          220,
          36,
          35,
          14,
          86,
          218,
          1,
          128,
          79,
          19,
          175,
          42,
          88,
          218,
          1,
          0,
          220,
          36,
          35,
          14,
          86,
          218,
          1
        ],
        "flags": 0,
        "header_offset": 41743,
        "internal_attrs": 0,
        "method": "Store",
        "mode": 2147484141,
        "modified": "2024-02-02T19:29:28Z",
        "name": "rc-zip/tests/",
        "reader_version": {
          "host_system": "Unix",
          "version": 20
        },
        "uncompressed_size": 0
      },
      "local": {
        "accessed": null,
        "compressed_size": 0,
        "crc32": 0,
        "created": null,
        "extra": [],
        "flags": 0,
        "gid": null,
        "header_offset": 0,
        "method": "Store",
        "method_specific": "None",
        "mode": 2147483648,
        "modified": "2024-02-02T20:29:28Z",
        "name": "rc-zip/tests/",
        "reader_version": {
          "host_system": "Unix",
          "version": 20
        },
        "uid": null,
        "uncompressed_size": 0
      }
    },
    {
      "central": {
        "comment": "",
        "compressed_size": 534,
        "crc32": 1790195368,
        "creator_version": {
          "host_system": "Unix",
          "version": 63
        },
        "disk_nbr_start": 0,
        "external_attrs": 2175041568,
        "extra": [
          10,
          0,
          32,
          0,
          0,
          0,
          0,
          0,
          1,
          0,
          24,
          0,
          128,
          46,
          49,
          178,
          112,
          88,
          218,
          1,
          128,
          46,
          49,
          178,
          112,
          88,
          218,
          1,
          128,
          46,
          49,
          178,
          112,
          88,
          218,
          1
        ],
        "flags": 0,
        "header_offset": 41786,
        "internal_attrs": 0,
        "method": "Deflate",
        "mode": 420,
        "modified": "2024-02-05T20:20:01Z",
        "name": "rc-zip/tests/integration_tests.rs",
        "reader_version": {
          "host_system": "Unix",
          "version": 20
        },
        "uncompressed_size": 1318
      },
      "local": {
        "accessed": null,
        "compressed_size": 534,
        "crc32": 1790195368,
        "created": null,
        "extra": [],
        "flags": 0,
        "gid": null,
        "header_offset": 0,
        "method": "Deflate",
        "method_specific": "None",
        "mode": 0,
        "modified": "2024-02-05T21:20:02Z",
        "name": "rc-zip/tests/integration_tests.rs",
        "reader_version": {
          "host_system": "Unix",
          "version": 20
        },
        "uid": null,
        "uncompressed_size": 1318
      }
    }
  ],
  "encoding": "Utf8",
  "eocd": {
    "dir": {
      "inner": {
        "dir_disk_nbr": 0,
        "dir_records_this_disk": 33,
        "directory_offset": 42383,
        "directory_records": 33,
        "directory_size": 3517,
        "disk_nbr": 0
      },
      "offset": 45900
    },
    "dir64": null,
    "global_offset": 0
  },
  "parsed_ranges": [
    {
      "contains": "end of central directory record",
      "end": 45922,
      "start": 45900
    },
    {
      "contains": "central directory header",
      "end": 42472,
      "filename": "rc-zip/",
      "start": 42383
    },
    {
      "contains": "central directory header",
      "end": 42573,
      "filename": "rc-zip/CHANGELOG.md",
      "start": 42472
    },
    {
      "contains": "central directory header",
      "end": 42672,
      "filename": "rc-zip/Cargo.toml",
      "start": 42662
    },
    {
      "contains": "central directory header",
      "end": 42770,
      "filename": "rc-zip/README.md",
      "start": 42951
    },
    {
      "contains": "central directory header",
      "end": 42863,
      "filename": "rc-zip/src/",
      "start": 43338
    },
    {
      "contains": "central directory header",
      "end": 42963,
      "filename": "rc-zip/src/corpus/",
      "start": 43818
    },
    {
      "contains": "central directory header",
      "end": 43069,
      "filename": "rc-zip/src/corpus/mod.rs",
      "start": 44398
    },
    {
      "contains": "central directory header",
      "end": 43173,
      "filename": "rc-zip/src/encoding.rs",
      "start": 45084
    },
    {
      "contains": "central directory header",
      "end": 43274,
      "filename": "rc-zip/src/error.rs",
      "start": 45874
    },
    {
      "contains": "central directory header",
      "end": 43371,
      "filename": "rc-zip/src/fsm/",
      "start": 46765
    },
    {
      "contains": "central directory header",
      "end": 43478,
      "filename": "rc-zip/src/fsm/archive.rs",
      "start": 47753
    },
    {
      "contains": "central directory header",
      "end": 43581,
      "filename": "rc-zip/src/fsm/entry/",
      "start": 48848
    },
    {
      "contains": "central directory header",
      "end": 43696,
      "filename": "rc-zip/src/fsm/entry/bzip2_dec.rs",
      "start": 50046
    },
    {
      "contains": "central directory header",
      "end": 43815,
      "filename": "rc-zip/src/fsm/entry/deflate64_dec.rs",
      "start": 51359
    },
    {
      "contains": "central directory header",
      "end": 43932,
      "filename": "rc-zip/src/fsm/entry/deflate_dec.rs",
      "start": 52791
    },
    {
      "contains": "central directory header",
      "end": 44046,
      "filename": "rc-zip/src/fsm/entry/lzma_dec.rs",
      "start": 54340
    },
    {
      "contains": "central directory header",
      "end": 44155,
      "filename": "rc-zip/src/fsm/entry/mod.rs",
      "start": 56003
    },
    {
      "contains": "central directory header",
      "end": 44270,
      "filename": "rc-zip/src/fsm/entry/store_dec.rs",
      "start": 57775
    },
    {
      "contains": "central directory header",
      "end": 44384,
      "filename": "rc-zip/src/fsm/entry/zstd_dec.rs",
      "start": 59662
    },
    {
      "contains": "central directory header",
      "end": 44487,
      "filename": "rc-zip/src/fsm/mod.rs",
      "start": 61663
    },
    {
      "contains": "central directory header",
      "end": 44586,
      "filename": "rc-zip/src/lib.rs",
      "start": 63767
    },
    {
      "contains": "central directory header",
      "end": 44685,
      "filename": "rc-zip/src/parse/",
      "start": 65970
    },
    {
      "contains": "central directory header",
      "end": 44794,
      "filename": "rc-zip/src/parse/archive.rs",
      "start": 68272
    },
    {
      "contains": "central directory header",
      "end": 44925,
      "filename": "rc-zip/src/parse/central_directory_file_header.rs",
      "start": 70683
    },
    {
      "contains": "central directory header",
      "end": 45036,
      "filename": "rc-zip/src/parse/date_time.rs",
      "start": 73225
    },
    {
      "contains": "central directory header",
      "end": 45142,
      "filename": "rc-zip/src/parse/eocd.rs",
      "start": 75878
    },
    {
      "contains": "central directory header",
      "end": 45255,
      "filename": "rc-zip/src/parse/extra_field.rs",
      "start": 78637
    },
    {
      "contains": "central directory header",
      "end": 45370,
      "filename": "rc-zip/src/parse/local_headers.rs",
      "start": 81509
    },
    {
      "contains": "central directory header",
      "end": 45475,
      "filename": "rc-zip/src/parse/mod.rs",
      "start": 84496
    },
    {
      "contains": "central directory header",
      "end": 45581,
      "filename": "rc-zip/src/parse/mode.rs",
      "start": 87588
    },
    {
      "contains": "central directory header",
      "end": 45690,
      "filename": "rc-zip/src/parse/version.rs",
      "start": 90786
    },
    {
      "contains": "central directory header",
      "end": 45785,
      "filename": "rc-zip/tests/",
      "start": 94093
    },
    {
      "contains": "central directory header",
      "end": 45900,
      "filename": "rc-zip/tests/integration_tests.rs",
      "start": 97495
    },
    {
      "contains": "local file header",
      "end": 37,
      "filename": "rc-zip/",
      "start": 0
    },
    {
      "contains": "file data",
      "end": 37,
      "filename": "rc-zip/",
      "start": 37
    },
    {
      "contains": "local file header",
      "end": 86,
      "filename": "rc-zip/CHANGELOG.md",
      "start": 37
    },
    {
      "contains": "file data",
      "end": 369,
      "filename": "rc-zip/CHANGELOG.md",
      "start": 86
    },
    {
      "contains": "local file header",
      "end": 416,
      "filename": "rc-zip/Cargo.toml",
      "start": 369
    },
    {
      "contains": "file data",
      "end": 1030,
      "filename": "rc-zip/Cargo.toml",
      "start": 416
    },
    {
      "contains": "local file header",
      "end": 1076,
      "filename": "rc-zip/README.md",
      "start": 1030
    },
    {
      "contains": "file data",
      "end": 1235,
      "filename": "rc-zip/README.md",
      "start": 1076
    },
    {
      "contains": "local file header",
      "end": 1276,
      "filename": "rc-zip/src/",
      "start": 1235
    },
    {
      "contains": "file data",
      "end": 1276,
      "filename": "rc-zip/src/",
      "start": 1276
    },
    {
      "contains": "local file header",
      "end": 1324,
      "filename": "rc-zip/src/corpus/",
      "start": 1276
    },
    {
      "contains": "file data",
      "end": 1324,
      "filename": "rc-zip/src/corpus/",
      "start": 1324
    },
    {
      "contains": "local file header",
      "end": 1378,
      "filename": "rc-zip/src/corpus/mod.rs",
      "start": 1324
    },
    {
      "contains": "file data",
      "end": 3982,
      "filename": "rc-zip/src/corpus/mod.rs",
      "start": 1378
    },
    {
      "contains": "local file header",
      "end": 4034,
      "filename": "rc-zip/src/encoding.rs",
      "start": 3982
    },
    {
      "contains": "file data",
      "end": 5768,
      "filename": "rc-zip/src/encoding.rs",
      "start": 4034
    },
    {
      "contains": "local file header",
      "end": 5817,
      "filename": "rc-zip/src/error.rs",
      "start": 5768
    },
    {
      "contains": "file data",
      "end": 7634,
      "filename": "rc-zip/src/error.rs",
      "start": 5817
    },
    {
      "contains": "local file header",
      "end": 7679,
      "filename": "rc-zip/src/fsm/",
      "start": 7634
    },
    {
      "contains": "file data",
      "end": 7679,
      "filename": "rc-zip/src/fsm/",
      "start": 7679
    },
    {
      "contains": "local file header",
      "end": 7734,
      "filename": "rc-zip/src/fsm/archive.rs",
      "start": 7679
    },
    {
      "contains": "file data",
      "end": 12274,
      "filename": "rc-zip/src/fsm/archive.rs",
      "start": 7734
    },
    {
      "contains": "local file header",
      "end": 12325,
      "filename": "rc-zip/src/fsm/entry/",
      "start": 12274
    },
    {
      "contains": "file data",
      "end": 12325,
      "filename": "rc-zip/src/fsm/entry/",
      "start": 12325
    },
    {
      "contains": "local file header",
      "end": 12388,
      "filename": "rc-zip/src/fsm/entry/bzip2_dec.rs",
      "start": 12325
    },
    {
      "contains": "file data",
      "end": 13005,
      "filename": "rc-zip/src/fsm/entry/bzip2_dec.rs",
      "start": 12388
    },
    {
      "contains": "local file header",
      "end": 13072,
      "filename": "rc-zip/src/fsm/entry/deflate64_dec.rs",
      "start": 13005
    },
    {
      "contains": "file data",
      "end": 13533,
      "filename": "rc-zip/src/fsm/entry/deflate64_dec.rs",
      "start": 13072
    },
    {
      "contains": "local file header",
      "end": 13598,
      "filename": "rc-zip/src/fsm/entry/deflate_dec.rs",
      "start": 13533
    },
    {
      "contains": "file data",
      "end": 15382,
      "filename": "rc-zip/src/fsm/entry/deflate_dec.rs",
      "start": 13598
    },
    {
      "contains": "local file header",
      "end": 15444,
      "filename": "rc-zip/src/fsm/entry/lzma_dec.rs",
      "start": 15382
    },
    {
      "contains": "file data",
      "end": 16962,
      "filename": "rc-zip/src/fsm/entry/lzma_dec.rs",
      "start": 15444
    },
    {
      "contains": "local file header",
      "end": 17019,
      "filename": "rc-zip/src/fsm/entry/mod.rs",
      "start": 16962
    },
    {
      "contains": "file data",
      "end": 20665,
      "filename": "rc-zip/src/fsm/entry/mod.rs",
      "start": 17019
    },
    {
      "contains": "local file header",
      "end": 20728,
      "filename": "rc-zip/src/fsm/entry/store_dec.rs",
      "start": 20665
    },
    {
      "contains": "file data",
      "end": 21019,
      "filename": "rc-zip/src/fsm/entry/store_dec.rs",
      "start": 20728
    },
    {
      "contains": "local file header",
      "end": 21081,
      "filename": "rc-zip/src/fsm/entry/zstd_dec.rs",
      "start": 21019
    },
    {
      "contains": "file data",
      "end": 22496,
      "filename": "rc-zip/src/fsm/entry/zstd_dec.rs",
      "start": 21081
    },
    {
      "contains": "local file header",
      "end": 22547,
      "filename": "rc-zip/src/fsm/mod.rs",
      "start": 22496
    },
    {
      "contains": "file data",
      "end": 23131,
      "filename": "rc-zip/src/fsm/mod.rs",
      "start": 22547
    },
    {
      "contains": "local file header",
      "end": 23178,
      "filename": "rc-zip/src/lib.rs",
      "start": 23131
    },
    {
      "contains": "file data",
      "end": 23598,
      "filename": "rc-zip/src/lib.rs",
      "start": 23178
    },
    {
      "contains": "local file header",
      "end": 23645,
      "filename": "rc-zip/src/parse/",
      "start": 23598
    },
    {
      "contains": "file data",
      "end": 23645,
      "filename": "rc-zip/src/parse/",
      "start": 23645
    },
    {
      "contains": "local file header",
      "end": 23702,
      "filename": "rc-zip/src/parse/archive.rs",
      "start": 23645
    },
    {
      "contains": "file data",
      "end": 27334,
      "filename": "rc-zip/src/parse/archive.rs",
      "start": 23702
    },
    {
      "contains": "local file header",
      "end": 27413,
      "filename": "rc-zip/src/parse/central_directory_file_header.rs",
      "start": 27334
    },
    {
      "contains": "file data",
      "end": 29311,
      "filename": "rc-zip/src/parse/central_directory_file_header.rs",
      "start": 27413
    },
    {
      "contains": "local file header",
      "end": 29370,
      "filename": "rc-zip/src/parse/date_time.rs",
      "start": 29311
    },
    {
      "contains": "file data",
      "end": 30603,
      "filename": "rc-zip/src/parse/date_time.rs",
      "start": 29370
    },
    {
      "contains": "local file header",
      "end": 30657,
      "filename": "rc-zip/src/parse/eocd.rs",
      "start": 30603
    },
    {
      "contains": "file data",
      "end": 33000,
      "filename": "rc-zip/src/parse/eocd.rs",
      "start": 30657
    },
    {
      "contains": "local file header",
      "end": 33061,
      "filename": "rc-zip/src/parse/extra_field.rs",
      "start": 33000
    },
    {
      "contains": "file data",
      "end": 35990,
      "filename": "rc-zip/src/parse/extra_field.rs",
      "start": 33061
    },
    {
      "contains": "local file header",
      "end": 36053,
      "filename": "rc-zip/src/parse/local_headers.rs",
      "start": 35990
    },
    {
      "contains": "file data",
      "end": 38570,
      "filename": "rc-zip/src/parse/local_headers.rs",
      "start": 36053
    },
    {
      "contains": "local file header",
      "end": 38623,
      "filename": "rc-zip/src/parse/mod.rs",
      "start": 38570
    },
    {
      "contains": "file data",
      "end": 38933,
      "filename": "rc-zip/src/parse/mod.rs",
      "start": 38623
    },
    {
      "contains": "local file header",
      "end": 38987,
      "filename": "rc-zip/src/parse/mode.rs",
      "start": 38933
    },
    {
      "contains": "file data",
      "end": 40606,
      "filename": "rc-zip/src/parse/mode.rs",
      "start": 38987
    },
    {
      "contains": "local file header",
      "end": 40663,
      "filename": "rc-zip/src/parse/version.rs",
      "start": 40606
    },
    {
      "contains": "file data",
      "end": 41743,
      "filename": "rc-zip/src/parse/version.rs",
      "start": 40663
    },
    {
      "contains": "local file header",
      "end": 41786,
      "filename": "rc-zip/tests/",
      "start": 41743
    },
    {
      "contains": "file data",
      "end": 41786,
      "filename": "rc-zip/tests/",
      "start": 41786
    },
    {
      "contains": "local file header",
      "end": 41849,
      "filename": "rc-zip/tests/integration_tests.rs",
      "start": 41786
    },
    {
      "contains": "file data",
      "end": 42383,
      "filename": "rc-zip/tests/integration_tests.rs",
      "start": 41849
    }
  ],
  "size": 45922
}
